harness (windows-latest)	Run python -m unittest discover -s tests -v	﻿2026-09-07T09:19:00.3616969Z ##[group]Run python -m unittest discover -s tests -v
harness (windows-latest)	Run python -m unittest discover -s tests -v	2026-09-07T09:19:00.3617509Z ^[[36;1mpython -m unittest discover -s tests -v^[[0m
harness (windows-latest)	Run python -m unittest discover -s tests -v	2026-09-07T09:19:00.3719232Z shell: C:\Program Files\PowerShell\7\pwsh.EXE -command ". '{0}'"
harness (windows-latest)	Run python -m unittest discover -s tests -v	2026-09-07T09:19:00.3719619Z env:
harness (windows-latest)	Run python -m unittest discover -s tests -v	2026-09-07T09:19:00.3719931Z   pythonLocation: C:\hostedtoolcache\windows\Python\3.12.10\x64
harness (windows-latest)	Run python -m unittest discover -s tests -v	2026-09-07T09:19:00.3720405Z   PKG_CONFIG_PATH: C:\hostedtoolcache\windows\Python\3.12.10\x64/lib/pkgconfig
harness (windows-latest)	Run python -m unittest discover -s tests -v	2026-09-07T09:19:00.3721093Z   Python_ROOT_DIR: C:\hostedtoolcache\windows\Python\3.12.10\x64
harness (windows-latest)	Run python -m unittest discover -s tests -v	2026-09-07T09:19:00.3721488Z   Python2_ROOT_DIR: C:\hostedtoolcache\windows\Python\3.12.10\x64
harness (windows-latest)	Run python -m unittest discover -s tests -v	2026-09-07T09:19:00.3721871Z   Python3_ROOT_DIR: C:\hostedtoolcache\windows\Python\3.12.10\x64
harness (windows-latest)	Run python -m unittest discover -s tests -v	2026-09-07T09:19:00.3722174Z ##[endgroup]
harness (windows-latest)	Run python -m unittest discover -s tests -v	2026-09-07T09:19:01.6302337Z test_unreviewed_is_not_a_false_positive_and_duplicates_do_not_inflate_recall (test_collision_labels.CollisionLabelsTests.test_unreviewed_is_not_a_false_positive_and_duplicates_do_not_inflate_recall) ... ok
harness (windows-latest)	Run python -m unittest discover -s tests -v	2026-09-07T09:19:01.6306200Z test_disjoint_reordering_is_explained_but_still_fails_order_gate (test_compare_scenery.SceneryComparisonTests.test_disjoint_reordering_is_explained_but_still_fails_order_gate) ... ok
harness (windows-latest)	Run python -m unittest discover -s tests -v	2026-09-07T09:19:01.6312289Z test_duplicates_order_and_unknown_draws_are_not_silently_lost (test_compare_scenery.SceneryComparisonTests.test_duplicates_order_and_unknown_draws_are_not_silently_lost) ... ok
harness (windows-latest)	Run python -m unittest discover -s tests -v	2026-09-07T09:19:01.6314956Z test_scene_comparison_retains_frame_spill_without_discarding_geometry (test_compare_scenery.SceneryComparisonTests.test_scene_comparison_retains_frame_spill_without_discarding_geometry) ... ok
harness (windows-latest)	Run python -m unittest discover -s tests -v	2026-09-07T09:19:01.6429527Z test_parent_input_state_and_evidence_cannot_be_silently_replaced (test_derive_case.DerivationTests.test_parent_input_state_and_evidence_cannot_be_silently_replaced) ... ok
harness (windows-latest)	Run python -m unittest discover -s tests -v	2026-09-07T09:19:01.6471331Z test_capture_cli_fails_when_emulator_omits_ram_dump (test_diagnostic_runners.RunnerTests.test_capture_cli_fails_when_emulator_omits_ram_dump) ... ok
harness (windows-latest)	Run python -m unittest discover -s tests -v	2026-09-07T09:19:01.6489407Z test_existing_evidence_is_never_replaced (test_diagnostic_runners.RunnerTests.test_existing_evidence_is_never_replaced) ... ok
harness (windows-latest)	Run python -m unittest discover -s tests -v	2026-09-07T09:19:01.6518076Z test_inherited_actuation_and_diagnostics_are_removed (test_diagnostic_runners.RunnerTests.test_inherited_actuation_and_diagnostics_are_removed) ... ok
harness (windows-latest)	Run python -m unittest discover -s tests -v	2026-09-07T09:19:01.6555584Z test_oracle_cli_mismatch_cannot_publish_reference (test_diagnostic_runners.RunnerTests.test_oracle_cli_mismatch_cannot_publish_reference) ... ok
harness (windows-latest)	Run python -m unittest discover -s tests -v	2026-09-07T09:19:02.6687644Z test_timeout_preserves_partial_output_and_reports_error (test_diagnostic_runners.RunnerTests.test_timeout_preserves_partial_output_and_reports_error) ... ok
harness (windows-latest)	Run python -m unittest discover -s tests -v	2026-09-07T09:19:02.6690139Z test_far_extension_counts_candidates_without_counting_sentinels (test_distance_analysis.DistanceAnalysisTests.test_far_extension_counts_candidates_without_counting_sentinels) ... ok
harness (windows-latest)	Run python -m unittest discover -s tests -v	2026-09-07T09:19:02.6692612Z test_default_off_and_explicit_revision_off_beats_family_and_global_on (test_force_options.ForceOptionsTests.test_default_off_and_explicit_revision_off_beats_family_and_global_on) ... ok
harness (windows-latest)	Run python -m unittest discover -s tests -v	2026-09-07T09:19:02.6697986Z test_world_toggle_roundtrips_to_the_launched_revision_without_changing_other_games (test_force_options.ForceOptionsTests.test_world_toggle_roundtrips_to_the_launched_revision_without_changing_other_games) ... ok
harness (windows-latest)	Run python -m unittest discover -s tests -v	2026-09-07T09:19:02.6844395Z test_host_trace_cannot_be_scored_as_emulated_contacts (test_force_timeline.ForceTimelineTests.test_host_trace_cannot_be_scored_as_emulated_contacts) ... ok
harness (windows-latest)	Run python -m unittest discover -s tests -v	2026-09-07T09:19:02.6865953Z test_uses_emulated_time_even_when_host_clock_stalls (test_force_timeline.ForceTimelineTests.test_uses_emulated_time_even_when_host_clock_stalls) ... ok
harness (windows-latest)	Run python -m unittest discover -s tests -v	2026-09-07T09:19:02.7001817Z test_configured_experiment_keeps_default_and_rejects_conflicts (test_game_patch.PatchTests.test_configured_experiment_keeps_default_and_rejects_conflicts) ... ok
harness (windows-latest)	Run python -m unittest discover -s tests -v	2026-09-07T09:19:02.7032305Z test_invalid_or_conflicting_patches_are_rejected (test_game_patch.PatchTests.test_invalid_or_conflicting_patches_are_rejected) ... ok
harness (windows-latest)	Run python -m unittest discover -s tests -v	2026-09-07T09:19:02.7038417Z test_late_patch_cannot_bypass_old_value_guards (test_game_patch.PatchTests.test_late_patch_cannot_bypass_old_value_guards) ... ok
harness (windows-latest)	Run python -m unittest discover -s tests -v	2026-09-07T09:19:02.7076864Z test_reverted_patch_cannot_pass_effective_word_check (test_game_patch.PatchTests.test_reverted_patch_cannot_pass_effective_word_check) ... ok
harness (windows-latest)	Run python -m unittest discover -s tests -v	2026-09-07T09:19:02.7080221Z test_capture_preflight_counts_global_cadence (test_gl_frames.CompletedGlTests.test_capture_preflight_counts_global_cadence) ... ok
harness (windows-latest)	Run python -m unittest discover -s tests -v	2026-09-07T09:19:02.7222234Z test_incomplete_capture_retains_missing_and_unexpected_frames (test_gl_frames.CompletedGlTests.test_incomplete_capture_retains_missing_and_unexpected_frames) ... ok
harness (windows-latest)	Run python -m unittest discover -s tests -v	2026-09-07T09:19:02.7320765Z test_missing_duplicate_and_dropped_frames_fail (test_gl_frames.CompletedGlTests.test_missing_duplicate_and_dropped_frames_fail) ... ok
harness (windows-latest)	Run python -m unittest discover -s tests -v	2026-09-07T09:19:02.7408597Z test_pixel_change_is_not_a_passing_replay (test_gl_frames.CompletedGlTests.test_pixel_change_is_not_a_passing_replay) ... ok
harness (windows-latest)	Run python -m unittest discover -s tests -v	2026-09-07T09:19:02.7524368Z test_sparse_cadence_matches_global_native_frames (test_gl_frames.CompletedGlTests.test_sparse_cadence_matches_global_native_frames) ... ok
harness (windows-latest)	Run python -m unittest discover -s tests -v	2026-09-07T09:19:02.8389295Z test_sparse_pixel_evidence_and_reused_file_rejection (test_gl_frames.CompletedGlTests.test_sparse_pixel_evidence_and_reused_file_rejection) ... ok
harness (windows-latest)	Run python -m unittest discover -s tests -v	2026-09-07T09:19:02.8392862Z test_classic_aspect_does_not_gain_the_widescreen_patch (test_graphics_options.GraphicsOptionsTests.test_classic_aspect_does_not_gain_the_widescreen_patch) ... ok
harness (windows-latest)	Run python -m unittest discover -s tests -v	2026-09-07T09:19:02.8396080Z test_every_distance_combination_preserves_widescreen_and_off_removes_stale_words (test_graphics_options.GraphicsOptionsTests.test_every_distance_combination_preserves_widescreen_and_off_removes_stale_words) ... ok
harness (windows-latest)	Run python -m unittest discover -s tests -v	2026-09-07T09:19:02.8398598Z test_explicit_developer_patch_override_still_wins (test_graphics_options.GraphicsOptionsTests.test_explicit_developer_patch_override_still_wins) ... ok
harness (windows-latest)	Run python -m unittest discover -s tests -v	2026-09-07T09:19:02.8401336Z test_missing_selected_patch_fails_and_custom_conflicts_leave_old_file_intact (test_graphics_options.GraphicsOptionsTests.test_missing_selected_patch_fails_and_custom_conflicts_leave_old_file_intact) ... ok
harness (windows-latest)	Run python -m unittest discover -s tests -v	2026-09-07T09:19:02.8404024Z test_seam_alignment_is_off_at_native_scale_and_marginfill_is_ignored (test_graphics_options.GraphicsOptionsTests.test_seam_alignment_is_off_at_native_scale_and_marginfill_is_ignored) ... ok
harness (windows-latest)	Run python -m unittest discover -s tests -v	2026-09-07T09:19:02.8406446Z test_settings_stay_per_game_and_world_revisions_share_seams (test_graphics_options.GraphicsOptionsTests.test_settings_stay_per_game_and_world_revisions_share_seams) ... ok
harness (windows-latest)	Run python -m unittest discover -s tests -v	2026-09-07T09:19:02.8409013Z test_unsupported_options_cannot_be_activated_even_from_edited_ini (test_graphics_options.GraphicsOptionsTests.test_unsupported_options_cannot_be_activated_even_from_edited_ini) ... ok
harness (windows-latest)	Run python -m unittest discover -s tests -v	2026-09-07T09:19:02.8411530Z test_world_terrain_composes_only_for_verified_widescreen_revisions (test_graphics_options.GraphicsOptionsTests.test_world_terrain_composes_only_for_verified_widescreen_revisions) ... ok
harness (windows-latest)	Run python -m unittest discover -s tests -v	2026-09-07T09:19:02.8969054Z capture evidence: C:\Users\runneradmin\AppData\Local\Temp\tmpm3_50ms1\capture
harness (windows-latest)	Run python -m unittest discover -s tests -v	2026-09-07T09:19:02.8970390Z FAIL: C:\Users\runneradmin\AppData\Local\Temp\tmpm3_50ms1\capture\capture-report.json
harness (windows-latest)	Run python -m unittest discover -s tests -v	2026-09-07T09:19:02.8971666Z oracle evidence: C:\Users\runneradmin\AppData\Local\Temp\tmp4rhbkmtd\run
harness (windows-latest)	Run python -m unittest discover -s tests -v	2026-09-07T09:19:02.8972713Z FAIL: C:\Users\runneradmin\AppData\Local\Temp\tmp4rhbkmtd\run\report.json
harness (windows-latest)	Run python -m unittest discover -s tests -v	2026-09-07T09:19:02.8973784Z PASS: C:\Users\RUNNER~1\AppData\Local\Temp\tmpy6bd6ann\report.json
harness (windows-latest)	Run python -m unittest discover -s tests -v	2026-09-07T09:19:02.8974717Z FAIL: C:\Users\RUNNER~1\AppData\Local\Temp\tmp61b3o57l\report.json
harness (windows-latest)	Run python -m unittest discover -s tests -v	2026-09-07T09:19:02.8975743Z Recording crusnwld24 to C:\Users\runneradmin\AppData\Local\Temp\tmpgv7kxtl4\drive
harness (windows-latest)	Run python -m unittest discover -s tests -v	2026-09-07T09:19:02.8976917Z Using saved scale, aspect, seams, steering, bindings and force profile.
harness (windows-latest)	Run python -m unittest discover -s tests -v	2026-09-07T09:19:02.8977772Z Physical FFB: OFF
harness (windows-latest)	Run python -m unittest discover -s tests -v	2026-09-07T09:19:02.8978532Z Drive normally. F12 ends the game; wait for 'recording recorded' afterward.
harness (windows-latest)	Run python -m unittest discover -s tests -v	2026-09-07T09:19:02.8981412Z Game closed; finishing snapshot encoding and recording validation...
harness (windows-latest)	Run python -m unittest discover -s tests -v	2026-09-07T09:19:02.8985493Z Recording crusnwld24 to C:\Users\runneradmin\AppData\Local\Temp\tmpgv7kxtl4\drive
harness (windows-latest)	Run python -m unittest discover -s tests -v	2026-09-07T09:19:02.8986639Z Using saved scale, aspect, seams, steering, bindings and force profile.
harness (windows-latest)	Run python -m unittest discover -s tests -v	2026-09-07T09:19:02.8987519Z Physical FFB: saved strength (attended)
harness (windows-latest)	Run python -m unittest discover -s tests -v	2026-09-07T09:19:02.8988659Z Drive normally. F12 ends the game; wait for 'recording recorded' afterward.
harness (windows-latest)	Run python -m unittest discover -s tests -v	2026-09-07T09:19:02.8989675Z Game closed; finishing snapshot encoding and recording validation...
harness (windows-latest)	Run python -m unittest discover -s tests -v	2026-09-07T09:19:02.9000932Z Recording crusnwld24 to C:\Users\runneradmin\AppData\Local\Temp\tmpgv7kxtl4\drive
harness (windows-latest)	Run python -m unittest discover -s tests -v	2026-09-07T09:19:02.9002198Z Using saved scale, aspect, seams, steering, bindings and force profile.
harness (windows-latest)	Run python -m unittest discover -s tests -v	2026-09-07T09:19:02.9002991Z Physical FFB: OFF
harness (windows-latest)	Run python -m unittest discover -s tests -v	2026-09-07T09:19:02.9003895Z EXPERIMENTAL global distance: {'far': 160000, 'lead': 8, 'cpu': 100}; selective scenery disabled for this recording.
harness (windows-latest)	Run python -m unittest discover -s tests -v	2026-09-07T09:19:02.9005469Z Drive normally. F12 ends the game; wait for 'recording recorded' afterward.
harness (windows-latest)	Run python -m unittest discover -s tests -v	2026-09-07T09:19:02.9006777Z Game closed; finishing snapshot encoding and recording validation...
harness (windows-latest)	Run python -m unittest discover -s tests -v	2026-09-07T09:19:02.9008434Z test_attended_recorder_preserves_shell_settings_and_requires_ffb_opt_in (test_graphics_options.LauncherGraphicsTests.test_attended_recorder_preserves_shell_settings_and_requires_ffb_opt_in) ... ok
harness (windows-latest)	Run python -m unittest discover -s tests -v	2026-09-07T09:19:02.9101815Z test_real_shell_save_preserves_bindings_and_retires_marginfill (test_graphics_options.LauncherGraphicsTests.test_real_shell_save_preserves_bindings_and_retires_marginfill) ... ok
harness (windows-latest)	Run python -m unittest discover -s tests -v	2026-09-07T09:19:02.9146803Z test_revision_scale_and_widescreen_gates_preserve_saved_preference (test_graphics_options.SceneryOptionTests.test_revision_scale_and_widescreen_gates_preserve_saved_preference) ... ok
harness (windows-latest)	Run python -m unittest discover -s tests -v	2026-09-07T09:19:02.9152470Z test_partial_init_failure_unwinds (test_haptics.HapticsTests.test_partial_init_failure_unwinds) ... ok
harness (windows-latest)	Run python -m unittest discover -s tests -v	2026-09-07T09:19:02.9156718Z test_stop_failure_does_not_report_success_and_still_closes (test_haptics.HapticsTests.test_stop_failure_does_not_report_success_and_still_closes) ... ok
harness (windows-latest)	Run python -m unittest discover -s tests -v	2026-09-07T09:19:02.9161151Z test_x64_handle_preserved_and_success_acknowledged (test_haptics.HapticsTests.test_x64_handle_preserved_and_success_acknowledged) ... ok
harness (windows-latest)	Run python -m unittest discover -s tests -v	2026-09-07T09:19:02.9177498Z test_unsigned_dma_sign_extension_address_and_palette_arithmetic (test_rasterize.CpuRasterTests.test_unsigned_dma_sign_extension_address_and_palette_arithmetic) ... ok
harness (windows-latest)	Run python -m unittest discover -s tests -v	2026-09-07T09:19:02.9199977Z test_partial_pixels_are_never_accepted (test_raw_snapshots.RawSnapshotTests.test_partial_pixels_are_never_accepted) ... ok
harness (windows-latest)	Run python -m unittest discover -s tests -v	2026-09-07T09:19:02.9306886Z test_rgb_order_and_dimensions_survive_conversion (test_raw_snapshots.RawSnapshotTests.test_rgb_order_and_dimensions_survive_conversion) ... ok
harness (windows-latest)	Run python -m unittest discover -s tests -v	2026-09-07T09:19:02.9365776Z test_blank_framebuffer_is_not_a_visual_oracle (test_regression_suite.RegressionSuiteTests.test_blank_framebuffer_is_not_a_visual_oracle) ... ok
harness (windows-latest)	Run python -m unittest discover -s tests -v	2026-09-07T09:19:02.9368785Z test_incomplete_or_impossible_suites_are_rejected (test_regression_suite.RegressionSuiteTests.test_incomplete_or_impossible_suites_are_rejected) ... ok
harness (windows-latest)	Run python -m unittest discover -s tests -v	2026-09-07T09:19:03.0494365Z test FAIL
harness (windows-latest)	Run python -m unittest discover -s tests -v	2026-09-07T09:19:03.0528468Z test_missing_timing_evidence_cannot_preserve_a_passing_replay (test_regression_suite.RegressionSuiteTests.test_missing_timing_evidence_cannot_preserve_a_passing_replay) ... ok
harness (windows-latest)	Run python -m unittest discover -s tests -v	2026-09-07T09:19:03.0538049Z test_every_fresh_seed_has_free_play_enabled (test_release_contract.ReleaseFixturesTests.test_every_fresh_seed_has_free_play_enabled) ... ok
harness (windows-latest)	Run python -m unittest discover -s tests -v	2026-09-07T09:19:03.0590238Z test_offroad_edits_keep_the_boot_checksum_and_unrelated_bytes (test_release_contract.ReleaseFixturesTests.test_offroad_edits_keep_the_boot_checksum_and_unrelated_bytes) ... ok
harness (windows-latest)	Run python -m unittest discover -s tests -v	2026-09-07T09:19:03.1274773Z test_first_boot_seeds_but_never_overwrites_existing_nvram (test_release_contract.ReleaseLauncherTests.test_first_boot_seeds_but_never_overwrites_existing_nvram) ... ok
harness (windows-latest)	Run python -m unittest discover -s tests -v	2026-09-07T09:19:03.1589839Z test_fresh_defaults_and_saved_choices_survive (test_release_contract.ReleaseLauncherTests.test_fresh_defaults_and_saved_choices_survive) ... ok
harness (windows-latest)	Run python -m unittest discover -s tests -v	2026-09-07T09:19:03.2030338Z test_import_previous_install_preserves_newer_calibration_and_scores (test_release_contract.ReleaseLauncherTests.test_import_previous_install_preserves_newer_calibration_and_scores) ... ok
harness (windows-latest)	Run python -m unittest discover -s tests -v	2026-09-07T09:19:03.2381639Z test_offroad_freeplay_toggle_updates_checksum_and_preserves_other_settings (test_release_contract.ReleaseLauncherTests.test_offroad_freeplay_toggle_updates_checksum_and_preserves_other_settings) ... ok
harness (windows-latest)	Run python -m unittest discover -s tests -v	2026-09-07T09:19:03.3203849Z test_process_inventory_matches_only_the_requested_executable (test_release_contract.ReleaseLauncherTests.test_process_inventory_matches_only_the_requested_executable) ... ok
harness (windows-latest)	Run python -m unittest discover -s tests -v	2026-09-07T09:19:03.3738165Z test_rebinding_replaces_old_button_and_keeps_other_mode_and_keyboard (test_release_contract.ReleaseLauncherTests.test_rebinding_replaces_old_button_and_keeps_other_mode_and_keyboard) ... ok
harness (windows-latest)	Run python -m unittest discover -s tests -v	2026-09-07T09:19:03.4385665Z test_shifter_mode_and_cabinet_configuration_for_every_game (test_release_contract.ReleaseLauncherTests.test_shifter_mode_and_cabinet_configuration_for_every_game) ... ok
harness (windows-latest)	Run python -m unittest discover -s tests -v	2026-09-07T09:19:03.4411834Z test_attended_acceptance_requires_current_hashed_evidence (test_release_gate.ReleaseGateTests.test_attended_acceptance_requires_current_hashed_evidence) ... ok
harness (windows-latest)	Run python -m unittest discover -s tests -v	2026-09-07T09:19:03.4414710Z test_partial_stale_and_force_enabled_suites_cannot_clear_release (test_release_gate.ReleaseGateTests.test_partial_stale_and_force_enabled_suites_cannot_clear_release) ... ok
harness (windows-latest)	Run python -m unittest discover -s tests -v	2026-09-07T09:19:03.4423785Z test_replay_success_cannot_hide_failed_setting_persistence (test_release_gate.ReleaseGateTests.test_replay_success_cannot_hide_failed_setting_persistence) ... ok
harness (windows-latest)	Run python -m unittest discover -s tests -v	2026-09-07T09:19:03.4932779Z test_missing_runtime_wrong_binary_and_personal_data_fail (test_release_package.PackageTests.test_missing_runtime_wrong_binary_and_personal_data_fail) ... ok
harness (windows-latest)	Run python -m unittest discover -s tests -v	2026-09-07T09:19:03.4938460Z test_review_of_another_zip_cannot_publish_current_candidate (test_release_promotion.PromotionTests.test_review_of_another_zip_cannot_publish_current_candidate) ... ok
harness (windows-latest)	Run python -m unittest discover -s tests -v	2026-09-07T09:19:03.4948663Z test_added_coverage_attributes_only_new_primitive_on_correct_page (test_scene_extension.ExtensionTests.test_added_coverage_attributes_only_new_primitive_on_correct_page) ... ok
harness (windows-latest)	Run python -m unittest discover -s tests -v	2026-09-07T09:19:03.4951377Z test_multiplicity_and_center_intrusions_are_not_hidden (test_scene_extension.ExtensionTests.test_multiplicity_and_center_intrusions_are_not_hidden) ... ok
harness (windows-latest)	Run python -m unittest discover -s tests -v	2026-09-07T09:19:03.4953669Z test_initial_and_offscreen_bounds_do_not_outrank_measured_mountain (test_scenery_events.SceneryEventTests.test_initial_and_offscreen_bounds_do_not_outrank_measured_mountain) ... ok
harness (windows-latest)	Run python -m unittest discover -s tests -v	2026-09-07T09:19:03.5132545Z test_attended_recording_cannot_enable_replay_actuators (test_session_case.SessionTests.test_attended_recording_cannot_enable_replay_actuators) ... ok
harness (windows-latest)	Run python -m unittest discover -s tests -v	2026-09-07T09:19:03.5295515Z test_explicit_prefix_still_checks_inputs_and_pixels (test_session_case.SessionTests.test_explicit_prefix_still_checks_inputs_and_pixels) ... ok
harness (windows-latest)	Run python -m unittest discover -s tests -v	2026-09-07T09:19:03.5585026Z test_global_recording_archives_patch_before_temporary_source_disappears (test_session_case.SessionTests.test_global_recording_archives_patch_before_temporary_source_disappears) ... ok
harness (windows-latest)	Run python -m unittest discover -s tests -v	2026-09-07T09:19:03.5750531Z test_input_and_pixel_changes_are_independently_reported (test_session_case.SessionTests.test_input_and_pixel_changes_are_independently_reported) ... ok
harness (windows-latest)	Run python -m unittest discover -s tests -v	2026-09-07T09:19:03.5855678Z test_lua_errors_cannot_pass_with_clean_exit_and_valid_images (test_session_case.SessionTests.test_lua_errors_cannot_pass_with_clean_exit_and_valid_images) ... ok
harness (windows-latest)	Run python -m unittest discover -s tests -v	2026-09-07T09:19:03.5974103Z test_raw_snapshot_manifest_cannot_be_truncated (test_session_case.SessionTests.test_raw_snapshot_manifest_cannot_be_truncated) ... ok
harness (windows-latest)	Run python -m unittest discover -s tests -v	2026-09-07T09:19:03.6065749Z test_repeated_emulated_time_is_not_an_emulated_frame (test_session_case.SessionTests.test_repeated_emulated_time_is_not_an_emulated_frame) ... ok
harness (windows-latest)	Run python -m unittest discover -s tests -v	2026-09-07T09:19:03.6194867Z test_requested_gl_capture_cannot_pass_without_evidence (test_session_case.SessionTests.test_requested_gl_capture_cannot_pass_without_evidence) ... ok
harness (windows-latest)	Run python -m unittest discover -s tests -v	2026-09-07T09:19:03.6304793Z test_stop_receipt_and_extra_images_are_required_checks (test_session_case.SessionTests.test_stop_receipt_and_extra_images_are_required_checks) ... ok
harness (windows-latest)	Run python -m unittest discover -s tests -v	2026-09-07T09:19:03.6443461Z test_truncated_replay_does_not_pass_against_longer_recording (test_session_case.SessionTests.test_truncated_replay_does_not_pass_against_longer_recording) ... ok
harness (windows-latest)	Run python -m unittest discover -s tests -v	2026-09-07T09:19:03.6467367Z test_partial_rows_pause_and_late_file_creation (test_session_clock.SessionClockTests.test_partial_rows_pause_and_late_file_creation) ... ok
harness (windows-latest)	Run python -m unittest discover -s tests -v	2026-09-07T09:19:03.6491236Z test_record_and_replay_use_emulated_time_despite_different_host_times (test_session_clock.SessionClockTests.test_record_and_replay_use_emulated_time_despite_different_host_times) ... ok
harness (windows-latest)	Run python -m unittest discover -s tests -v	2026-09-07T09:19:03.6494628Z test_analog_current_and_previous_survive_a_direction_change (test_synthetic_input.SyntheticInputTests.test_analog_current_and_previous_survive_a_direction_change) ... ok
harness (windows-latest)	Run python -m unittest discover -s tests -v	2026-09-07T09:19:03.6497085Z test_exotica_keeps_pedals_steering_and_serial_distinct (test_synthetic_input.SyntheticInputTests.test_exotica_keeps_pedals_steering_and_serial_distinct) ... ok
harness (windows-latest)	Run python -m unittest discover -s tests -v	2026-09-07T09:19:03.6499296Z test_exotica_preserves_first_refresh_rounding (test_synthetic_input.SyntheticInputTests.test_exotica_preserves_first_refresh_rounding) ... ok
harness (windows-latest)	Run python -m unittest discover -s tests -v	2026-09-07T09:19:03.6502908Z test_world_and_offroad_keep_serial_port_separate_from_wheel (test_synthetic_input.SyntheticInputTests.test_world_and_offroad_keep_serial_port_separate_from_wheel) ... ok
harness (windows-latest)	Run python -m unittest discover -s tests -v	2026-09-07T09:19:03.6504970Z test_wrong_rom_and_out_of_range_pedals_are_rejected (test_synthetic_input.SyntheticInputTests.test_wrong_rom_and_out_of_range_pedals_are_rejected) ... ok
harness (windows-latest)	Run python -m unittest discover -s tests -v	2026-09-07T09:19:03.7170319Z test_closed_join_moves_shared_vertex_only (test_tjunctions.TjunctionTests.test_closed_join_moves_shared_vertex_only) ... ok
harness (windows-latest)	Run python -m unittest discover -s tests -v	2026-09-07T09:19:03.7184896Z test_rejects_unproven_connections (test_tjunctions.TjunctionTests.test_rejects_unproven_connections) ... ok
harness (windows-latest)	Run python -m unittest discover -s tests -v	2026-09-07T09:19:03.7243000Z test_first_launch_migration_preserves_unknown_files_and_known_backup_bytes (test_updater.UpdateTests.test_first_launch_migration_preserves_unknown_files_and_known_backup_bytes) ... ok
harness (windows-latest)	Run python -m unittest discover -s tests -v	2026-09-07T09:19:03.7316791Z test_rc_can_upgrade_to_final_and_bad_archives_are_rejected (test_updater.UpdateTests.test_rc_can_upgrade_to_final_and_bad_archives_are_rejected) ... ok
harness (windows-latest)	Run python -m unittest discover -s tests -v	2026-09-07T09:19:11.4996874Z test_real_helper_handles_quoted_paths_preserves_rig_and_rejects_changed_zip (test_updater.UpdateTests.test_real_helper_handles_quoted_paths_preserves_rig_and_rejects_changed_zip) ... FAIL
harness (windows-latest)	Run python -m unittest discover -s tests -v	2026-09-07T09:19:11.4999270Z test_bad_dimensions_and_frames_rejected (test_verification.AcceptanceTests.test_bad_dimensions_and_frames_rejected) ... ok
harness (windows-latest)	Run python -m unittest discover -s tests -v	2026-09-07T09:19:11.5000979Z test_explicit_tolerance_and_budget (test_verification.AcceptanceTests.test_explicit_tolerance_and_budget) ... ok
harness (windows-latest)	Run python -m unittest discover -s tests -v	2026-09-07T09:19:11.5025695Z test_matching_partial_runs_are_not_successful (test_verification.AcceptanceTests.test_matching_partial_runs_are_not_successful) ... ok
harness (windows-latest)	Run python -m unittest discover -s tests -v	2026-09-07T09:19:11.5027773Z test_one_wrong_pixel_fails_and_channels_count_once (test_verification.AcceptanceTests.test_one_wrong_pixel_fails_and_channels_count_once) ... ok
harness (windows-latest)	Run python -m unittest discover -s tests -v	2026-09-07T09:19:11.5053172Z test_same_pixel_bytes_different_dimensions_are_different (test_verification.AcceptanceTests.test_same_pixel_bytes_different_dimensions_are_different) ... ok
harness (windows-latest)	Run python -m unittest discover -s tests -v	2026-09-07T09:19:11.5055149Z test_unsigned_difference_does_not_wrap (test_verification.AcceptanceTests.test_unsigned_difference_does_not_wrap) ... ok
harness (windows-latest)	Run python -m unittest discover -s tests -v	2026-09-07T09:19:11.5064891Z test_explicit_revision_and_separate_axes (test_world_distance.GlobalDistanceTests.test_explicit_revision_and_separate_axes) ... ok
harness (windows-latest)	Run python -m unittest discover -s tests -v	2026-09-07T09:19:11.5132576Z test_preserves_base_patch_and_rejects_conflicting_limits (test_world_distance.GlobalDistanceTests.test_preserves_base_patch_and_rejects_conflicting_limits) ... ok
harness (windows-latest)	Run python -m unittest discover -s tests -v	2026-09-07T09:19:11.5172312Z test_three_times_patch_and_bounded_lookahead (test_world_distance.GlobalDistanceTests.test_three_times_patch_and_bounded_lookahead) ... ok
harness (windows-latest)	Run python -m unittest discover -s tests -v	2026-09-07T09:19:11.5176378Z test_trial_motion_interval_is_frozen_in_evidence (test_world_distance.GlobalDistanceTests.test_trial_motion_interval_is_frozen_in_evidence) ... ok
harness (windows-latest)	Run python -m unittest discover -s tests -v	2026-09-07T09:19:11.5227651Z test_counters_require_complete_consistent_evidence (test_world_distance_log.DistanceLogTests.test_counters_require_complete_consistent_evidence) ... ok
harness (windows-latest)	Run python -m unittest discover -s tests -v	2026-09-07T09:19:11.5251745Z test_three_times_bounds (test_world_distance_log.DistanceLogTests.test_three_times_bounds) ... ok
harness (windows-latest)	Run python -m unittest discover -s tests -v	2026-09-07T09:19:11.5351605Z test_camera_and_adc_are_independent_checks (test_world_motion.MotionTests.test_camera_and_adc_are_independent_checks) ... ok
harness (windows-latest)	Run python -m unittest discover -s tests -v	2026-09-07T09:19:11.5378536Z test_missing_duplicate_and_truncated_camera_samples_fail (test_world_motion.MotionTests.test_missing_duplicate_and_truncated_camera_samples_fail) ... ok
harness (windows-latest)	Run python -m unittest discover -s tests -v	2026-09-07T09:19:11.5379785Z 
harness (windows-latest)	Run python -m unittest discover -s tests -v	2026-09-07T09:19:11.5380522Z ======================================================================
harness (windows-latest)	Run python -m unittest discover -s tests -v	2026-09-07T09:19:11.5382039Z FAIL: test_real_helper_handles_quoted_paths_preserves_rig_and_rejects_changed_zip (test_updater.UpdateTests.test_real_helper_handles_quoted_paths_preserves_rig_and_rejects_changed_zip)
harness (windows-latest)	Run python -m unittest discover -s tests -v	2026-09-07T09:19:11.5383579Z ----------------------------------------------------------------------
harness (windows-latest)	Run python -m unittest discover -s tests -v	2026-09-07T09:19:11.5384278Z Traceback (most recent call last):
harness (windows-latest)	Run python -m unittest discover -s tests -v	2026-09-07T09:19:11.5392421Z   File "D:\a\cruisn-collection\cruisn-collection\tests\test_updater.py", line 97, in test_real_helper_handles_quoted_paths_preserves_rig_and_rejects_changed_zip
harness (windows-latest)	Run python -m unittest discover -s tests -v	2026-09-07T09:19:11.5394129Z     self.assertEqual(migrated.returncode,0,(app/'rig/update/apply.log').read_text(errors='replace'))
harness (windows-latest)	Run python -m unittest discover -s tests -v	2026-09-07T09:19:11.5395256Z AssertionError: 1 != 0 : 2026-09-07T09:19:10  update: waiting for the launcher to close
harness (windows-latest)	Run python -m unittest discover -s tests -v	2026-09-07T09:19:11.5396451Z 2026-09-07T09:19:10  expanding C:\Users\RUNNER~1\AppData\Local\Temp\cruisn-update-24uiiuga\Player's update.zip
harness (windows-latest)	Run python -m unittest discover -s tests -v	2026-09-07T09:19:11.5397543Z 2026-09-07T09:19:11  update failed: Refusing redirected input DLL
harness (windows-latest)	Run python -m unittest discover -s tests -v	2026-09-07T09:19:11.5398068Z 
harness (windows-latest)	Run python -m unittest discover -s tests -v	2026-09-07T09:19:11.5398220Z 
harness (windows-latest)	Run python -m unittest discover -s tests -v	2026-09-07T09:19:11.5398561Z ----------------------------------------------------------------------
harness (windows-latest)	Run python -m unittest discover -s tests -v	2026-09-07T09:19:11.5399198Z Ran 98 tests in 9.908s
harness (windows-latest)	Run python -m unittest discover -s tests -v	2026-09-07T09:19:11.5399558Z 
harness (windows-latest)	Run python -m unittest discover -s tests -v	2026-09-07T09:19:11.5399837Z FAILED (failures=1)
harness (windows-latest)	Run python -m unittest discover -s tests -v	2026-09-07T09:19:11.7381998Z ##[error]Process completed with exit code 1.
